[gigaland.io/index.html]
[backblue.gif]
[fade.gif]
[index.html]
[gigaland.io/images/icon.png]
[gigaland.io/css/bootstrap.min.css]
[gigaland.io/css/plugins.css]
[gigaland.io/css/style.css]
[gigaland.io/css/de-modern.css]
[gigaland.io/css/coloring-gradient.css]
[gigaland.io/images/logo-7-light.png]
[gigaland.io/images/logo-7.png]
[gigaland.io/wide_index-3.html]
[gigaland.io/wide_index-2.html]
[gigaland.io/wide_index.html]
[gigaland.io/06_clivus-index.html]
[gigaland.io/06_clivus-index-2.html]
[gigaland.io/06_clivus-index-3.html]
[gigaland.io/06_clivus-index-4.html]
[gigaland.io/index-1.html]
[gigaland.io/index-2.html]
[gigaland.io/index-3.html]
[gigaland.io/index-4.html]
[gigaland.io/index-5.html]
[gigaland.io/index-6.html]
[gigaland.io/index-7.html]
[gigaland.io/index-8.html]
[gigaland.io/index-9.html]
[gigaland.io/02_dark-index.html]
[gigaland.io/02_dark-index-2.html]
[gigaland.io/02_dark-index-3.html]
[gigaland.io/02_dark-index-4.html]
[gigaland.io/03_grey-index.html]
[gigaland.io/03_grey-index-2.html]
[gigaland.io/03_grey-index-3.html]
[gigaland.io/03_grey-index-4.html]
[gigaland.io/05_black-index.html]
[gigaland.io/05_black-index-2.html]
[gigaland.io/05_black-index-3.html]
[gigaland.io/04_retro-index.html]
[gigaland.io/04_retro-index-2.html]
[gigaland.io/explore.html]
[gigaland.io/wide_explore.html]
[gigaland.io/explore-2.html]
[gigaland.io/explore-music-nft.html]
[gigaland.io/explore-video.html]
[gigaland.io/collection.html]
[gigaland.io/live-auction.html]
[gigaland.io/item-details.html]
[gigaland.io/help-center.html]
[gigaland.io/author.html]
[gigaland.io/profile.html]
[gigaland.io/wallet.html]
[gigaland.io/create-options.html]
[gigaland.io/news.html]
[gigaland.io/gallery.html]
[gigaland.io/login.html]
[gigaland.io/login-2.html]
[gigaland.io/register.html]
[gigaland.io/contact.html]
[gigaland.io/activity.html]
[gigaland.io/rankings.html]
[gigaland.io/icons-elegant.html]
[gigaland.io/icons-etline.html]
[gigaland.io/icons-font-awesome.html]
[gigaland.io/alerts.html]
[gigaland.io/accordion.html]
[gigaland.io/counters.html]
[gigaland.io/modal.html]
[gigaland.io/popover.html]
[gigaland.io/pricing-table.html]
[gigaland.io/progress-bar.html]
[gigaland.io/tabs.html]
[gigaland.io/tooltips.html]
[gigaland.io/07_modern-wallet.html]
[gigaland.io/url(images/background/21-alt.jpg]
[gigaland.io/07_modern-collection.html]
[gigaland.io/images/carousel/crs-12.jpg]
[gigaland.io/images/carousel/crs-13.jpg]
[gigaland.io/images/carousel/crs-16.jpg]
[gigaland.io/images/carousel/crs-17.jpg]
[gigaland.io/images/carousel/crs-15.jpg]
[gigaland.io/images/carousel/crs-14.jpg]
[gigaland.io/images/author/author-1.jpg]
[gigaland.io/images/author/author-2.jpg]
[gigaland.io/images/author/author-3.jpg]
[gigaland.io/images/author/author-4.jpg]
[gigaland.io/images/author/author-5.jpg]
[gigaland.io/images/author/author-6.jpg]
[gigaland.io/images/author/author-7.jpg]
[gigaland.io/images/author/author-8.jpg]
[gigaland.io/images/author/author-9.jpg]
[gigaland.io/images/author/author-10.jpg]
[gigaland.io/images/author/author-11.jpg]
[gigaland.io/images/author/author-12.jpg]
[gigaland.io/images/author/author-13.jpg]
[gigaland.io/images/author/author-14.jpg]
[gigaland.io/images/author/author-15.jpg]
[gigaland.io/grey-author.html]
[gigaland.io/07_modern-item-details.html]
[gigaland.io/images/items/anim-10.webp]
[gigaland.io/images/items/static-22.jpg]
[gigaland.io/images/items/static-23.jpg]
[gigaland.io/images/items/static-24.jpg]
[gigaland.io/images/items/anim-9.webp]
[gigaland.io/images/items/static-21.jpg]
[gigaland.io/images/news/news-b1.jpg]
[gigaland.io/news-single.html]
[gigaland.io/images/news/news-b2.jpg]
[gigaland.io/images/news/news-b3.jpg]
[gigaland.io/images/misc/download-appstore.png]
[gigaland.io/images/misc/download-playstore.png]
[gigaland.io/js/plugins.js]
[gigaland.io/index.html]
[gigaland.io/css/bootstrap.min.css]
[gigaland.io/js/designesia.js]
[gigaland.io/css/owl.video.play.71.delayed]
[gigaland.io/css/plugins.css]
[gigaland.io/index-10.html]
[gigaland.io/fonts/font-awesome/css/font-awesome.css]
[gigaland.io/fonts/elegant_font/HTML_CSS/style.css]
[gigaland.io/fonts/et-line-font/style.css]
[gigaland.io/fonts/icofont/icofont.min.css]
[gigaland.io/images/ui/arrow-down-form.png]
[gigaland.io/images/ui/arrow-down-form-hover.png]
[gigaland.io/images/background/16.jpg]
[gigaland.io/images/background/18.jpg]
[gigaland.io/images/dotted.png]
[gigaland.io/images/icon-slide-plus.png]
[gigaland.io/images/icon-slide-min.png]
[gigaland.io/images/close.png]
[gigaland.io/images/close-2.png]
[gigaland.io/images/icon-url.png]
[gigaland.io/images/icon-zoom.png]
[gigaland.io/images/list-arrow.png]
[gigaland.io/images/background/bg-header.jpg]
[gigaland.io/images/ui/btn-close-light.png]
[gigaland.io/images/page-loader.gif]
[gigaland.io/images/ui/arrow-down.png]
[gigaland.io/images/ui/arrow-down-light.png]
[gigaland.io/images/ui/arrow-up.png]
[gigaland.io/css/style.css]
[gigaland.io/css/colors/scheme-12.css]
[gigaland.io/css/de-modern.css]
[gigaland.io/css/coloring-gradient.css]
[gigaland.io/css/custom-font-3.css]
[gigaland.io/images/ui/arrow-up-light.png]
[gigaland.io/css/mdb.min.css]
[gigaland.io/css/de-grey.css]
[gigaland.io/images/logo-light.png]
[gigaland.io/images/logo.png]
[gigaland.io/03_grey-author.html]
[gigaland.io/03_grey-item-details.html]
[gigaland.io/images/items-alt/static-8.jpg]
[gigaland.io/item-details-audio.html]
[gigaland.io/images/items/music-1.jpg]
[gigaland.io/images/items/static-3.jpg]
[gigaland.io/video/sample-video-1.mp4]
[gigaland.io/images/items/anim-4.webp]
[gigaland.io/images/items/anim-2.webp]
[gigaland.io/images/items/anim-1.webp]
[gigaland.io/images/items/anim-5.webp]
[gigaland.io/images/items/anim-3.webp]
[gigaland.io/images/items/anim-6.webp]
[gigaland.io/images/collections/coll-1.jpg]
[gigaland.io/images/collections/coll-2.jpg]
[gigaland.io/images/collections/coll-3.jpg]
[gigaland.io/images/collections/coll-4.jpg]
[gigaland.io/images/collections/coll-5.jpg]
[gigaland.io/images/collections/coll-6.jpg]
[gigaland.io/images/news/news-a1.jpg]
[gigaland.io/images/news/news-a2.jpg]
[gigaland.io/wide_index-3.html]
[gigaland.io/images/news/news-a3.jpg]
[gigaland.io/wide_index-2.html]
[gigaland.io/images/items/static-9.jpg]
[gigaland.io/images/items/static-5.jpg]
[gigaland.io/images/items-alt/static-9.jpg]
[gigaland.io/images/items/static-20.jpg]
[gigaland.io/video/sample-video-5.mp4]
[gigaland.io/images/items/anim-8.webp]
[gigaland.io/images/items/static-17.jpg]
[gigaland.io/images/items/static-7.jpg]
[gigaland.io/images/items/static-16.jpg]
[gigaland.io/images/items/static-1.jpg]
[gigaland.io/images/items/static-2.jpg]
[gigaland.io/images/items/static-4.jpg]
[gigaland.io/wide_index.html]
[gigaland.io/css/de-clivus.css]
[gigaland.io/images/logo-5.png]
[gigaland.io/03_grey-explore.html]
[gigaland.io/03_grey-explore-2.html]
[gigaland.io/03_grey-explore-music-nft.html]
[gigaland.io/03_grey-collection.html]
[gigaland.io/03_grey-live-auction.html]
[gigaland.io/03_grey-help-center.html]
[gigaland.io/03_grey-profile.html]
[gigaland.io/03_grey-wallet.html]
[gigaland.io/03_grey-create-options.html]
[gigaland.io/03_grey-login.html]
[gigaland.io/03_grey-activity.html]
[gigaland.io/03_grey-rankings.html]
[gigaland.io/images/carousel/crs-8.jpg]
[gigaland.io/images/carousel/crs-5.jpg]
[gigaland.io/images/carousel/crs-1.jpg]
[gigaland.io/images/wallet/1.png]
[gigaland.io/images/wallet/2.png]
[gigaland.io/images/wallet/3.png]
[gigaland.io/images/wallet/4.png]
[gigaland.io/images/wallet/5.png]
[gigaland.io/images/wallet/6.png]
[gigaland.io/images/items-alt/static-10.jpg]
[gigaland.io/images/items-alt/static-7.jpg]
[gigaland.io/images/items-alt/static-5.jpg]
[gigaland.io/images/items-alt/static-6.jpg]
[gigaland.io/js/particles.js]
[gigaland.io/js/particles-settings.js]
[gigaland.io/06_clivus-index.html]
[gigaland.io/images/items/big-4.jpg]
[gigaland.io/images/items/static-15.jpg]
[gigaland.io/06_clivus-index-2.html]
[gigaland.io/images/items/big-3.jpg]
[gigaland.io/images/logo-6.png]
[gigaland.io/images/misc/women-statue.png]
[gigaland.io/06_clivus-index-3.html]
[gigaland.io/06_clivus-index-4.html]
[gigaland.io/css/coloring.css]
[gigaland.io/images/misc/nft.png]
[gigaland.io/js/cookit.js]
[gigaland.io/index-1.html]
[gigaland.io/images/items/anim-7.webp]
[gigaland.io/images/items/static-6.jpg]
[gigaland.io/images/items/static-8.jpg]
[gigaland.io/js/particles-settings-2.js]
[gigaland.io/index-2.html]
[gigaland.io/index-3.html]
[gigaland.io/images/logo-2.png]
[gigaland.io/images/carousel/crs-2.jpg]
[gigaland.io/images/carousel/crs-3.jpg]
[gigaland.io/images/items-alt/static-1.jpg]
[gigaland.io/images/items-alt/static-2.jpg]
[gigaland.io/images/items-alt/static-3.jpg]
[gigaland.io/images/items-alt/static-4.jpg]
[gigaland.io/images/logo-2-light.png]
[gigaland.io/index-4.html]
[gigaland.io/index-5.html]
[gigaland.io/images/carousel/crs-7.jpg]
[gigaland.io/index-6.html]
[gigaland.io/images/carousel/crs-9.jpg]
[gigaland.io/images/wallet/7.png]
[gigaland.io/images/wallet/8.png]
[gigaland.io/images/items/music-2.jpg]
[gigaland.io/images/items/music-3.jpg]
[gigaland.io/images/items/music-4.jpg]
[gigaland.io/images/items/music-5.jpg]
[gigaland.io/images/items/music-6.jpg]
[gigaland.io/images/items/music-7.jpg]
[gigaland.io/images/items/music-8.jpg]
[gigaland.io/index-7.html]
[gigaland.io/index-8.html]
[gigaland.io/index-9.html]
[gigaland.io/02_dark-explore.html]
[gigaland.io/02_dark-explore-2.html]
[gigaland.io/02_dark-explore-music-nft.html]
[gigaland.io/02_dark-collection.html]
[gigaland.io/02_dark-live-auction.html]
[gigaland.io/02_dark-item-details.html]
[gigaland.io/02_dark-help-center.html]
[gigaland.io/02_dark-author.html]
[gigaland.io/02_dark-wallet.html]
[gigaland.io/02_dark-profile.html]
[gigaland.io/02_dark-create-options.html]
[gigaland.io/02_dark-news.html]
[gigaland.io/02_dark-gallery.html]
[gigaland.io/02_dark-login.html]
[gigaland.io/02_dark-login-2.html]
[gigaland.io/02_dark-register.html]
[gigaland.io/02_dark-contact.html]
[gigaland.io/02_dark-activity.html]
[gigaland.io/02_dark-rankings.html]
[gigaland.io/02_dark-icons-elegant.html]
[gigaland.io/02_dark-icons-etline.html]
[gigaland.io/02_dark-icons-font-awesome.html]
[gigaland.io/02_dark-accordion.html]
[gigaland.io/02_dark-counters.html]
[gigaland.io/02_dark-alerts.html]
[gigaland.io/02_dark-modal.html]
[gigaland.io/02_dark-popover.html]
[gigaland.io/02_dark-pricing-table.html]
[gigaland.io/02_dark-progress-bar.html]
[gigaland.io/02_dark-tabs.html]
[gigaland.io/02_dark-tooltips.html]
[gigaland.io/02_dark-index.html]
[gigaland.io/02_dark-index-2.html]
[gigaland.io/02_dark-index-3.html]
[gigaland.io/02_dark-index-4.html]
[gigaland.io/images/icon-red.png]
[gigaland.io/images/logo-3.png]
[gigaland.io/images/carousel/crs-4.jpg]
[gigaland.io/03_grey-index.html]
[gigaland.io/03_grey-index-2.html]
[gigaland.io/03_grey-index-3.html]
[gigaland.io/03_grey-index-4.html]
[gigaland.io/images/misc/women-with-vr.png]
[gigaland.io/images/icon-yellow.png]
[gigaland.io/css/de-black.css]
[gigaland.io/images/logo-4.png]
[gigaland.io/05_black-explore.html]
[gigaland.io/05_black-explore-2.html]
[gigaland.io/05_black-explore-music-nft.html]
[gigaland.io/05_black-collection.html]
[gigaland.io/05_black-live-auction.html]
[gigaland.io/05_black-item-details.html]
[gigaland.io/05_black-help-center.html]
[gigaland.io/05_black-author.html]
[gigaland.io/05_black-profile.html]
[gigaland.io/05_black-wallet.html]
[gigaland.io/05_black-create-options.html]
[gigaland.io/05_black-login.html]
[gigaland.io/05_black-activity.html]
[gigaland.io/05_black-rankings.html]
[gigaland.io/images/carousel/crs-10.jpg]
[gigaland.io/05_black-index.html]
[gigaland.io/05_black-index-2.html]
[gigaland.io/images/carousel/crs-11.jpg]
[gigaland.io/05_black-item-details-audio.html]
[gigaland.io/05_black-news-single.html]
[gigaland.io/05_black-index-3.html]
[gigaland.io/images/icon-black.png]
[gigaland.io/css/de-retro.css]
[gigaland.io/images/logo-retro.png]
[gigaland.io/04_retro-explore.html]
[gigaland.io/04_retro-explore-2.html]
[gigaland.io/04_retro-explore-music-nft.html]
[gigaland.io/04_retro-collection.html]
[gigaland.io/04_retro-live-auction.html]
[gigaland.io/04_retro-item-details.html]
[gigaland.io/04_retro-help-center.html]
[gigaland.io/04_retro-author.html]
[gigaland.io/04_retro-profile.html]
[gigaland.io/04_retro-wallet.html]
[gigaland.io/04_retro-create-options.html]
[gigaland.io/04_retro-login.html]
[gigaland.io/04_retro-activity.html]
[gigaland.io/04_retro-rankings.html]
[gigaland.io/images/carousel/crs-6.jpg]
[gigaland.io/04_retro-index.html]
[gigaland.io/04_retro-index-2.html]
[gigaland.io/images/logo-retro-light.png]
[gigaland.io/images/background/subheader.jpg]
[gigaland.io/explore.html]
[gigaland.io/wide_explore.html]
[gigaland.io/explore-2.html]
[gigaland.io/explore-music-nft.html]
[gigaland.io/video/sample-video-2.mp4]
[gigaland.io/video/sample-video-3.mp4]
[gigaland.io/video/sample-video-4.mp4]
[gigaland.io/explore-video.html]
[gigaland.io/images/collections/coll-item-1.jpg]
[gigaland.io/images/collections/coll-item-2.jpg]
[gigaland.io/images/collections/coll-item-3.jpg]
[gigaland.io/collection.html]
[gigaland.io/images/collections/coll-item-4.jpg]
[gigaland.io/live-auction.html]
[gigaland.io/images/collections/coll-thumbnail-1.jpg]
[gigaland.io/images/misc/ethereum.svg]
[gigaland.io/item-details.html]
[gigaland.io/help-center.html]
[gigaland.io/images/logo-1.png]
[gigaland.io/images/author_single/author_thumbnail.jpg]
[gigaland.io/images/author_single/porto-1.jpg]
[gigaland.io/images/author_single/porto-2.jpg]
[gigaland.io/images/author_single/porto-3.jpg]
[gigaland.io/images/author_single/porto-4.jpg]
[gigaland.io/author.html]
[gigaland.io/images/author_single/author_banner.jpg]
[gigaland.io/profile.html]
[gigaland.io/wallet.html]
[gigaland.io/create-single.html]
[gigaland.io/images/misc/coll-single.png]
[gigaland.io/create-multiple.html]
[gigaland.io/create-options.html]
[gigaland.io/images/misc/coll-multiple.png]
[gigaland.io/images/news/news-1.jpg]
[gigaland.io/images/news/news-2.jpg]
[gigaland.io/images/news/news-3.jpg]
[gigaland.io/images/news/news-4.jpg]
[gigaland.io/images/news/news-5.jpg]
[gigaland.io/images/news/news-6.jpg]
[gigaland.io/news.html]
[gigaland.io/images/gallery/gallery-item-1.jpg]
[gigaland.io/images/gallery/gallery-item-2.jpg]
[gigaland.io/images/gallery/gallery-item-3.jpg]
[gigaland.io/images/gallery/gallery-item-4.jpg]
[gigaland.io/images/gallery/gallery-item-5.jpg]
[gigaland.io/images/gallery/gallery-item-6.jpg]
[gigaland.io/images/gallery/gallery-item-7.jpg]
[gigaland.io/gallery.html]
[gigaland.io/login.html]
[gigaland.io/login-2.html]
[gigaland.io/register.html]
[gigaland.io/contact.html]
[gigaland.io/images/items/thumbnail-2.jpg]
[gigaland.io/images/items/thumbnail-7.jpg]
[gigaland.io/images/items/thumbnail-5.jpg]
[gigaland.io/images/items/thumbnail-4.jpg]
[gigaland.io/images/items/thumbnail-6.jpg]
[gigaland.io/activity.html]
[gigaland.io/rankings.html]
[gigaland.io/icons-elegant.html]
[gigaland.io/icons-etline.html]
[gigaland.io/icons-font-awesome.html]
[gigaland.io/accordion.html]
[gigaland.io/alerts.html]
[gigaland.io/counters.html]
[gigaland.io/modal.html]
[gigaland.io/popover.html]
[gigaland.io/pricing-table.html]
[gigaland.io/progress-bar.html]
[gigaland.io/tabs.html]
[gigaland.io/tooltips.html]
[gigaland.io/07_modern-wallet.html]
[gigaland.io/url(images/background/21-alt.html]
[gigaland.io/images/author/author-16.jpg]
[gigaland.io/images/collections/coll-a1.jpg]
[gigaland.io/images/collections/coll-a2.jpg]
[gigaland.io/images/collections/coll-a3.jpg]
[gigaland.io/images/collections/coll-a4.jpg]
[gigaland.io/07_modern-collection.html]
[gigaland.io/grey-author.html]
[gigaland.io/images/items/big-6.jpg]
[gigaland.io/images/collections/coll-thumbnail-3.jpg]
[gigaland.io/07_modern-item-details.html]
[gigaland.io/images/news/big.jpg]
[gigaland.io/images/misc/avatar-2.jpg]
[gigaland.io/news-single.html]
[gigaland.io/${e.image.src}]
[gigaland.io/js/plugins.js]
[gigaland.io/css/bootstrap.rtl.min.css]
[gigaland.io/css/bootstrap-grid.rtl.min.172.delayed]
[gigaland.io/css/bootstrap-reboot.rtl.min.css]
[gigaland.io/css/mdb.rtl.min.css]
[gigaland.io/css/bootstrap-grid.min.175.delayed]
[gigaland.io/css/bootstrap-reboot.min.css]
[gigaland.io/js/designesia.js]
[gigaland.io/index-10.html]
[gigaland.io/css/owl.video.play.html]
[gigaland.io/fonts/font-awesome/fonts/fontawesome-webfont3e6e.eot]
[gigaland.io/fonts/font-awesome/fonts/fontawesome-webfontd41d.eot]
[gigaland.io/fonts/font-awesome/fonts/fontawesome-webfont3e6e.woff2]
[gigaland.io/fonts/font-awesome/fonts/fontawesome-webfont3e6e.woff]
[gigaland.io/fonts/font-awesome/css/font-awesome.css]
[gigaland.io/fonts/font-awesome/fonts/fontawesome-webfont3e6e.ttf]
[gigaland.io/fonts/font-awesome/fonts/fontawesome-webfont3e6e.svg]
[gigaland.io/fonts/elegant_font/HTML_CSS/fonts/ElegantIcons.eot]
[gigaland.io/fonts/elegant_font/HTML_CSS/fonts/ElegantIconsd41d.eot]
[gigaland.io/fonts/elegant_font/HTML_CSS/fonts/ElegantIcons.woff]
[gigaland.io/fonts/elegant_font/HTML_CSS/fonts/ElegantIcons.ttf]
[gigaland.io/fonts/elegant_font/HTML_CSS/style.css]
[gigaland.io/fonts/et-line-font/fonts/et-line.eot]
[gigaland.io/fonts/elegant_font/HTML_CSS/fonts/ElegantIcons.svg]
[gigaland.io/fonts/et-line-font/fonts/et-lined41d.eot]
[gigaland.io/fonts/et-line-font/fonts/et-line.woff]
[gigaland.io/fonts/et-line-font/fonts/et-line.ttf]
[gigaland.io/fonts/et-line-font/fonts/et-line.svg]
[gigaland.io/fonts/et-line-font/style.css]
[gigaland.io/fonts/icofont/fonts/icofont.woff2]
[gigaland.io/fonts/icofont/icofont.min.css]
[gigaland.io/images/ui/arrow-down-form.html]
[gigaland.io/images/ui/arrow-down-form-hover.html]
[gigaland.io/images/dotted.html]
[gigaland.io/images/icon-slide-plus.html]
[gigaland.io/images/icon-slide-min.html]
[gigaland.io/images/close.html]
[gigaland.io/images/close-2.html]
[gigaland.io/images/icon-url.html]
[gigaland.io/images/icon-zoom.html]
[gigaland.io/images/list-arrow.html]
[gigaland.io/images/background/bg-header.html]
[gigaland.io/images/page-loader.html]
[gigaland.io/css/mdb.min.css]
[gigaland.io/css/de-grey.css]
[gigaland.io/css/colors/scheme-08.css]
[gigaland.io/03_grey-author.html]
[gigaland.io/03_grey-item-details.html]
[gigaland.io/fonts/icofont/fonts/icofont.woff]
[gigaland.io/images/items/big-5.jpg]
[gigaland.io/item-details-audio.html]
[gigaland.io/css/de-clivus.css]
[gigaland.io/css/colors/scheme-07.css]
[gigaland.io/03_grey-explore.html]
[gigaland.io/03_grey-explore-2.html]
[gigaland.io/images/collections/coll-thumbnail-2.jpg]
[gigaland.io/03_grey-item-details-audio.html]
[gigaland.io/03_grey-explore-music-nft.html]
[gigaland.io/css/animate.css]
[gigaland.io/css/owl.carousel.css]
[gigaland.io/css/owl.theme.css]
[gigaland.io/css/owl.transitions.css]
[gigaland.io/css/magnific-popup.css]
[gigaland.io/css/jquery.countdown.css]
[gigaland.io/03_grey-collection.html]
[gigaland.io/03_grey-live-auction.html]
[gigaland.io/03_grey-help-center.html]
[gigaland.io/03_grey-profile.html]
[gigaland.io/03_grey-wallet.html]
[gigaland.io/03_grey-create-single.html]
[gigaland.io/images/misc/grey-coll-single.png]
[gigaland.io/03_grey-create-multiple.html]
[gigaland.io/images/misc/grey-coll-multiple.png]
[gigaland.io/03_grey-create-options.html]
[gigaland.io/03_grey-login.html]
[gigaland.io/03_grey-activity.html]
[gigaland.io/03_grey-rankings.html]
[gigaland.io/GET]
[gigaland.io/Error pJS - No image.src]
[gigaland.io/js/particles.js]
[gigaland.io/js/particles-settings.js]
[gigaland.io/css/custom-font-1.css]
[gigaland.io/css/colors/scheme-09.css]
[gigaland.io/css/colors/scheme-01.css]
[gigaland.io/css/coloring.css]
[gigaland.io/js/cookit.js]
[gigaland.io/js/particles-settings-2.js]
[gigaland.io/css/colors/scheme-03.css]
[gigaland.io/css/colors/scheme-02.css]
[gigaland.io/02_dark-explore.html]
[gigaland.io/02_dark-explore-2.html]
[gigaland.io/02_dark-item-details-audio.html]
[gigaland.io/02_dark-explore-music-nft.html]
[gigaland.io/02_dark-collection.html]
[gigaland.io/02_dark-live-auction.html]
[gigaland.io/02_dark-item-details.html]
[gigaland.io/02_dark-help-center.html]
[gigaland.io/02_dark-author.html]
[gigaland.io/02_dark-wallet.html]
[gigaland.io/02_dark-profile.html]
[gigaland.io/02_dark-create-single.html]
[gigaland.io/images/misc/dark-coll-single.png]
[gigaland.io/02_dark-create-multiple.html]
[gigaland.io/02_dark-create-options.html]
[gigaland.io/images/misc/dark-coll-multiple.png]
[gigaland.io/02_dark-news.html]
[gigaland.io/02_dark-gallery.html]
[gigaland.io/02_dark-login.html]
[gigaland.io/02_dark-login-2.html]
[gigaland.io/02_dark-register.html]
[gigaland.io/02_dark-contact.html]
[gigaland.io/02_dark-activity.html]
[gigaland.io/02_dark-rankings.html]
[gigaland.io/02_dark-icons-elegant.html]
[gigaland.io/02_dark-icons-etline.html]
[gigaland.io/02_dark-icons-font-awesome.html]
[gigaland.io/02_dark-accordion.html]
[gigaland.io/02_dark-alerts.html]
[gigaland.io/02_dark-counters.html]
[gigaland.io/02_dark-modal.html]
[gigaland.io/02_dark-popover.html]
[gigaland.io/02_dark-pricing-table.html]
[gigaland.io/02_dark-progress-bar.html]
[gigaland.io/02_dark-tabs.html]
[gigaland.io/02_dark-tooltips.html]
[gigaland.io/css/colors/scheme-04.css]
[gigaland.io/css/colors/scheme-06.css]
[gigaland.io/css/de-black.css]
[gigaland.io/05_black-explore.html]
[gigaland.io/05_black-explore-2.html]
[gigaland.io/05_black-explore-music-nft.html]
[gigaland.io/05_black-collection.html]
[gigaland.io/05_black-live-auction.html]
[gigaland.io/05_black-item-details.html]
[gigaland.io/05_black-help-center.html]
[gigaland.io/05_black-author.html]
[gigaland.io/05_black-profile.html]
[gigaland.io/05_black-wallet.html]
[gigaland.io/05_black-create-single.html]
[gigaland.io/02_dark-news-single.html]
[gigaland.io/images/misc/black-coll-single.png]
[gigaland.io/05_black-create-multiple.html]
[gigaland.io/images/misc/black-coll-multiple.png]
[gigaland.io/05_black-create-options.html]
[gigaland.io/05_black-login.html]
[gigaland.io/05_black-activity.html]
[gigaland.io/05_black-rankings.html]
[gigaland.io/05_black-item-details-audio.html]
[gigaland.io/05_black-news-single.html]
[gigaland.io/css/de-retro.css]
[gigaland.io/css/colors/scheme-05.css]
[gigaland.io/04_retro-explore.html]
[gigaland.io/04_retro-explore-2.html]
[gigaland.io/04_retro-item-details-audio.html]
[gigaland.io/04_retro-explore-music-nft.html]
[gigaland.io/04_retro-collection.html]
[gigaland.io/04_retro-live-auction.html]
[gigaland.io/04_retro-04_grey-author.html]
[gigaland.io/04_retro-item-details.html]
[gigaland.io/04_retro-help-center.html]
[gigaland.io/04_retro-author.html]
[gigaland.io/04_retro-profile.html]
[gigaland.io/04_retro-wallet.html]
[gigaland.io/04_retro-create-single.html]
[gigaland.io/images/misc/retro-coll-single.png]
[gigaland.io/04_retro-create-multiple.html]
[gigaland.io/images/misc/retro-coll-multiple.png]
[gigaland.io/04_retro-create-options.html]
[gigaland.io/04_retro-login.html]
[gigaland.io/04_retro-activity.html]
[gigaland.io/04_retro-rankings.html]
[gigaland.io/images/misc/ethereum.svg]
[gigaland.io/create-single.html]
[gigaland.io/create-multiple.html]
[gigaland.io/${e.image.html]
[gigaland.io/css/bootstrap.rtl.min.css]
[gigaland.io/css/bootstrap-grid.rtl.min.html]
[gigaland.io/css/bootstrap-reboot.rtl.min.html]
[gigaland.io/css/mdb.rtl.min.css]
[gigaland.io/css/bootstrap-grid.min.html]
[gigaland.io/css/bootstrap-reboot.min.html]
[gigaland.io/fonts/font-awesome/fonts/fontawesome-webfont3e6e.svg]
[gigaland.io/fonts/elegant_font/HTML_CSS/fonts/ElegantIcons.svg]
[gigaland.io/fonts/et-line-font/fonts/et-line.svg]
[gigaland.io/03_grey-item-details-audio.html]
[gigaland.io/css/animate.html]
[gigaland.io/css/owl.carousel.html]
[gigaland.io/css/owl.theme.html]
[gigaland.io/css/owl.transitions.html]
[gigaland.io/css/magnific-popup.html]
[gigaland.io/css/jquery.countdown.html]
[gigaland.io/03_grey-create-single.html]
[gigaland.io/03_grey-create-multiple.html]
[gigaland.io/GET.html]
[gigaland.io/Error pJS - No image.html]
[gigaland.io/02_dark-02_dark-author.html]
[gigaland.io/02_dark-item-details-audio.html]
[gigaland.io/02_dark-create-single.html]
[gigaland.io/02_dark-create-multiple.html]
[gigaland.io/02_dark-news-single.html]
[gigaland.io/05_black-create-single.html]
[gigaland.io/05_black-create-multiple.html]
[gigaland.io/04_retro-item-details-audio.html]
[gigaland.io/04_retro-04_grey-author.html]
[gigaland.io/04_retro-create-single.html]
[gigaland.io/04_retro-create-multiple.html]
[gigaland.io/02_dark-02_dark-author.html]
